// Vitest Snapshot v1, https://vitest.dev/guide/snapshot.html

exports[`Container Content > snapshot > matches snapshot 1`] = `
<div>
  <div>
    <header
      class="_header_523845"
    >
      <img
        alt="The e-Mart Logo"
        class="_logo_523845 _headerItem_523845"
        src="/src/assets/eMartLogo.webp"
      />
      <h1
        class="_titleName_523845 _headerItem_523845"
      >
        The e-Mart!
      </h1>
      <a
        class="_links_523845 _headerItem_523845"
        href="/"
      >
        Home
      </a>
      <a
        class="_links_523845 _headerItem_523845"
        href="/shop"
      >
        Shop
      </a>
      <p
        class="_itemCount_523845 _headerItem_523845"
        data-testid="num-of-items"
      >
        0
      </p>
      <a
        class="_links_523845 _headerItem_523845"
        data-testid="cart-link"
        href="/cart"
      >
        <img
          alt="Cart"
          class="_icon_523845 _headerItem_523845"
          src="/src/assets/cart.svg"
        />
      </a>
    </header>
    <div>
      <h1>
        Placeholder Home
      </h1>
      <a
        href="/"
      >
        yo waddup bruh
      </a>
    </div>
  </div>
</div>
`;
